// Vitest Snapshot v1, https://vitest.dev/guide/snapshot.html

exports[`CategoryFilter component > matches snapshot 1`] = `
<DocumentFragment>
  <div
    class="flex items-center gap-2"
  >
    <label
      class="text-sm font-medium text-gray-600 whitespace-nowrap"
      for="category"
    >
      Category:
    </label>
    <select
      class="p-2 border border-gray-300 rounded-md text-sm focus:ring-2 focus:ring-blue-500 focus:outline-none"
      id="category"
    >
      <option
        value="All"
      >
        All
      </option>
      <option
        value="electronics"
      >
        Electronics
      </option>
      <option
        value="fashion"
      >
        Fashion
      </option>
    </select>
  </div>
</DocumentFragment>
`;
