// Vitest Snapshot v1, https://vitest.dev/guide/snapshot.html

exports[`matches snapshot 1`] = `
<DocumentFragment>
  <div
    class="flex flex-col items-center justify-center bg-white rounded-md shadow-[0_2px_12px_-3px_rgba(6,81,237,0.3)] p-8 space-y-4 max-w-md mx-auto mt-20"
  >
    <div
      class="p-4 bg-blue-50 text-blue-600 rounded-full"
    >
      <svg
        fill="currentColor"
        height="48"
        stroke="currentColor"
        stroke-width="0"
        viewBox="0 0 448 512"
        width="48"
        xmlns="http://www.w3.org/2000/svg"
      >
        <path
          d="M352 160v-32C352 57.42 294.579 0 224 0 153.42 0 96 57.42 96 128v32H0v272c0 44.183 35.817 80 80 80h288c44.183 0 80-35.817 80-80V160h-96zm-192-32c0-35.29 28.71-64 64-64s64 28.71 64 64v32H160v-32zm160 120c-13.255 0-24-10.745-24-24s10.745-24 24-24 24 10.745 24 24-10.745 24-24 24zm-192 0c-13.255 0-24-10.745-24-24s10.745-24 24-24 24 10.745 24 24-10.745 24-24 24z"
        />
      </svg>
    </div>
    <div
      class="text-center"
    >
      <h2
        class="text-xl font-bold text-gray-800"
      >
        No items found
      </h2>
      <p
        class="text-sm text-gray-500"
      >
        Try adding some items to your cart.
      </p>
    </div>
    <a
      data-discover="true"
      href="/"
    >
      <button
        class="px-6 py-2 text-sm font-semibold text-white bg-gray-800 rounded-md hover:bg-gray-900"
      >
        Go to Shop
      </button>
    </a>
  </div>
</DocumentFragment>
`;
