// Vitest Snapshot v1, https://vitest.dev/guide/snapshot.html

exports[`matches snapshot 1`] = `
<DocumentFragment>
  <footer
    class="bg-gray-800 text-white py-4 text-center"
  >
    <div
      class="container mx-auto"
    >
      <p>
        Â© 2024 Your Company. All rights reserved.
      </p>
      <p>
        <a
          class="text-blue-400 hover:text-blue-300"
          data-discover="true"
          href="/"
        >
          Privacy Policy
        </a>
         |
        <a
          class="text-blue-400 hover:text-blue-300"
          data-discover="true"
          href="/"
        >
          Terms of Service
        </a>
      </p>
    </div>
  </footer>
</DocumentFragment>
`;
