// Vitest Snapshot v1, https://vitest.dev/guide/snapshot.html

exports[`matches snapshot 1`] = `
<DocumentFragment>
  <div
    class="flex items-center justify-center min-h-screen bg-gray-100"
  >
    <style>

          @keyframes truck-motion {
            0%, 100% { transform: translateY(0); }
            50% { transform: translateY(3px); }
          }
          @keyframes roadAnimation {
            0% { transform: translateX(0); }
            100% { transform: translateX(-350px); }
          }

    </style>
    <div
      class="relative flex flex-col items-center justify-end w-[200px] h-[100px] overflow-hidden"
    >
      <div
        class="w-[130px] mb-1.5 animate-[truck-motion_1s_linear_infinite]"
      >
        <svg
          class="w-full"
          fill="none"
          viewBox="0 0 198 93"
          xmlns="http://www.w3.org/2000/svg"
        >
          <path
            d="M135 22.5H177.264C178.295 22.5 179.22 23.133 179.594 24.0939L192.33 56.8443C192.442 57.1332 192.5 57.4404 192.5 57.7504V89C192.5 90.3807 191.381 91.5 190 91.5H135C133.619 91.5 132.5 90.3807 132.5 89V25C132.5 23.6193 133.619 22.5 135 22.5Z"
            fill="#F83D3D"
            stroke="#282828"
            stroke-width="3"
          />
          <path
            d="M146 33.5H181.741C182.779 33.5 183.709 34.1415 184.078 35.112L190.538 52.112C191.16 53.748 189.951 55.5 188.201 55.5H146C144.619 55.5 143.5 54.3807 143.5 53V36C143.5 34.6193 144.619 33.5 146 33.5Z"
            fill="#7D7C7C"
            stroke="#282828"
            stroke-width="3"
          />
          <path
            d="M150 65C150 65.39 149.763 65.8656 149.127 66.2893C148.499 66.7083 147.573 67 146.5 67C145.427 67 144.501 66.7083 143.873 66.2893C143.237 65.8656 143 65.39 143 65C143 64.61 143.237 64.1344 143.873 63.7107C144.501 63.2917 145.427 63 146.5 63C147.573 63 148.499 63.2917 149.127 63.7107C149.763 64.1344 150 64.61 150 65Z"
            fill="#282828"
            stroke="#282828"
            stroke-width="2"
          />
          <rect
            fill="#FFFCAB"
            height="7"
            rx="1"
            stroke="#282828"
            stroke-width="2"
            width="5"
            x="187"
            y="63"
          />
          <rect
            fill="#282828"
            height="11"
            rx="1"
            stroke="#282828"
            stroke-width="2"
            width="4"
            x="193"
            y="81"
          />
          <rect
            fill="#DFDFDF"
            height="90"
            rx="2.5"
            stroke="#282828"
            stroke-width="3"
            width="121"
            x="6.5"
            y="1.5"
          />
          <rect
            fill="#DFDFDF"
            height="4"
            rx="2"
            stroke="#282828"
            stroke-width="2"
            width="6"
            x="1"
            y="84"
          />
        </svg>
      </div>
      <div
        class="absolute bottom-0 flex justify-between w-[130px] px-2.5"
      >
        <svg
          class="w-6"
          fill="none"
          viewBox="0 0 30 30"
          xmlns="http://www.w3.org/2000/svg"
        >
          <circle
            cx="15"
            cy="15"
            fill="#282828"
            r="13.5"
            stroke="#282828"
            stroke-width="3"
          />
          <circle
            cx="15"
            cy="15"
            fill="#DFDFDF"
            r="7"
          />
        </svg>
        <svg
          class="w-6"
          fill="none"
          viewBox="0 0 30 30"
          xmlns="http://www.w3.org/2000/svg"
        >
          <circle
            cx="15"
            cy="15"
            fill="#282828"
            r="13.5"
            stroke="#282828"
            stroke-width="3"
          />
          <circle
            cx="15"
            cy="15"
            fill="#DFDFDF"
            r="7"
          />
        </svg>
      </div>
      <div
        class="relative w-full h-[1.5px] bg-black rounded-md"
      >
        <div
          class="absolute h-full bg-black rounded-md w-5 right-[200%] border-l-[10px] border-white animate-[roadAnimation_1.4s_linear_infinite]"
        />
        <div
          class="absolute h-full bg-black rounded-md w-2.5 right-[300%] border-l-[4px] border-white animate-[roadAnimation_1.4s_linear_infinite]"
        />
      </div>
    </div>
  </div>
</DocumentFragment>
`;
