// Vitest Snapshot v1, https://vitest.dev/guide/snapshot.html

exports[`matches snapshot 1`] = `
<DocumentFragment>
  <div
    class="bg-gray-50 min-h-screen flex flex-col items-center justify-center p-6"
  >
    <div
      class="max-w-2xl text-center p-8 rounded-lg shadow-md"
    >
      <div
        class="text-center"
      >
        <p
          class="text-base font-semibold text-indigo-600"
        >
          404
        </p>
        <h1
          class="mt-4 text-balance text-5xl font-semibold tracking-tight text-gray-900 sm:text-7xl"
        >
          Page not found
        </h1>
        <p
          class="mt-6 text-pretty text-lg font-medium text-gray-500 sm:text-xl/8"
        >
          Sorry, we couldn’t find the page you’re looking for.
        </p>
        <div
          class="mt-10 flex items-center justify-center gap-x-6"
        >
          <a
            class="rounded-md bg-indigo-600 px-3.5 py-2.5 text-sm font-semibold text-white shadow-sm hover:bg-indigo-500 focus-visible:outline focus-visible:outline-2 focus-visible:outline-offset-2 focus-visible:outline-indigo-600"
            data-discover="true"
            href="/"
          >
            Go back home
          </a>
        </div>
      </div>
    </div>
  </div>
</DocumentFragment>
`;
