// Vitest Snapshot v1, https://vitest.dev/guide/snapshot.html

exports[`SearchBar > matches snapshot 1`] = `
<DocumentFragment>
  <div
    class="mb-6 relative"
  >
    <input
      class="w-full p-3 border border-gray-300 rounded-md text-sm focus:ring-2 focus:ring-blue-500 focus:outline-none"
      placeholder="Search products..."
      type="text"
      value="test"
    />
    <svg
      class="absolute right-3 top-1/2 transform -translate-y-1/2 cursor-pointer text-gray-500"
      data-testid="clear-button"
      fill="currentColor"
      fill-rule="evenodd"
      height="1em"
      stroke="currentColor"
      stroke-width="0"
      viewBox="0 0 1024 1024"
      width="1em"
      xmlns="http://www.w3.org/2000/svg"
    >
      <path
        d="M799.855 166.312c.023.007.043.018.084.059l57.69 57.69c.041.041.052.06.059.084a.118.118 0 0 1 0 .069c-.007.023-.018.042-.059.083L569.926 512l287.703 287.703c.041.04.052.06.059.083a.118.118 0 0 1 0 .07c-.007.022-.018.042-.059.083l-57.69 57.69c-.041.041-.06.052-.084.059a.118.118 0 0 1-.069 0c-.023-.007-.042-.018-.083-.059L512 569.926 224.297 857.629c-.04.041-.06.052-.083.059a.118.118 0 0 1-.07 0c-.022-.007-.042-.018-.083-.059l-57.69-57.69c-.041-.041-.052-.06-.059-.084a.118.118 0 0 1 0-.069c.007-.023.018-.042.059-.083L454.073 512 166.371 224.297c-.041-.04-.052-.06-.059-.083a.118.118 0 0 1 0-.07c.007-.022.018-.042.059-.083l57.69-57.69c.041-.041.06-.052.084-.059a.118.118 0 0 1 .069 0c.023.007.042.018.083.059L512 454.073l287.703-287.702c.04-.041.06-.052.083-.059a.118.118 0 0 1 .07 0Z"
      />
    </svg>
  </div>
</DocumentFragment>
`;
